// Jest Snapshot v1, https://goo.gl/fbAQLP

exports[`Confirm should match the snapshot 1`] = `
ShallowWrapper {
  "length": 1,
  Symbol(enzyme.__root__): [Circular],
  Symbol(enzyme.__unrendered__): <Confirm
    accessToken="12345abcde"
    history={
        Object {
            "push": [Function],
          }
    }
    newSeed={
        Object {
            "genre": "ska",
            "spm": 148,
          }
    }
    recentGenres={
        Array [
            "ska",
            "rock",
          ]
    }
    recentSeeds={
        Array [
            Object {
              "genre": "ska",
              "spm": 148,
            },
            Object {
              "genre": "rock",
              "spm": 160,
            },
          ]
    }
    recentSpms={
        Array [
            148,
            160,
          ]
    }
    savePlaylist={[Function]}
    saveRecentSeed={[Function]}
    user={
        Object {
            "id": "lxbndr",
            "name": "Alex",
          }
    }
/>,
  Symbol(enzyme.__renderer__): Object {
    "batchedUpdates": [Function],
    "getNode": [Function],
    "render": [Function],
    "simulateEvent": [Function],
    "unmount": [Function],
  },
  Symbol(enzyme.__node__): Object {
    "instance": null,
    "key": undefined,
    "nodeType": "host",
    "props": Object {
      "children": Array [
        <h2
          className="error"
/>,
        <h2>
          Confirm
</h2>,
        <p>
          Steps per Minute
</p>,
        <h2>
          148
</h2>,
        <p>
          Genre
</p>,
        <h2>
          Ska
</h2>,
        <Link
          replace={false}
          to="/select-genre"
>
          Back
</Link>,
        <button
          onClick={[Function]}
>
          Get My Playlist!
</button>,
      ],
      "className": "Confirm",
    },
    "ref": null,
    "rendered": Array [
      Object {
        "instance": null,
        "key": undefined,
        "nodeType": "host",
        "props": Object {
          "children": "",
          "className": "error",
        },
        "ref": null,
        "rendered": "",
        "type": "h2",
      },
      Object {
        "instance": null,
        "key": undefined,
        "nodeType": "host",
        "props": Object {
          "children": "Confirm",
        },
        "ref": null,
        "rendered": "Confirm",
        "type": "h2",
      },
      Object {
        "instance": null,
        "key": undefined,
        "nodeType": "host",
        "props": Object {
          "children": "Steps per Minute",
        },
        "ref": null,
        "rendered": "Steps per Minute",
        "type": "p",
      },
      Object {
        "instance": null,
        "key": undefined,
        "nodeType": "host",
        "props": Object {
          "children": 148,
        },
        "ref": null,
        "rendered": 148,
        "type": "h2",
      },
      Object {
        "instance": null,
        "key": undefined,
        "nodeType": "host",
        "props": Object {
          "children": "Genre",
        },
        "ref": null,
        "rendered": "Genre",
        "type": "p",
      },
      Object {
        "instance": null,
        "key": undefined,
        "nodeType": "host",
        "props": Object {
          "children": "Ska",
        },
        "ref": null,
        "rendered": "Ska",
        "type": "h2",
      },
      Object {
        "instance": null,
        "key": undefined,
        "nodeType": "class",
        "props": Object {
          "children": "Back",
          "replace": false,
          "to": "/select-genre",
        },
        "ref": null,
        "rendered": "Back",
        "type": [Function],
      },
      Object {
        "instance": null,
        "key": undefined,
        "nodeType": "host",
        "props": Object {
          "children": "Get My Playlist!",
          "onClick": [Function],
        },
        "ref": null,
        "rendered": "Get My Playlist!",
        "type": "button",
      },
    ],
    "type": "div",
  },
  Symbol(enzyme.__nodes__): Array [
    Object {
      "instance": null,
      "key": undefined,
      "nodeType": "host",
      "props": Object {
        "children": Array [
          <h2
            className="error"
/>,
          <h2>
            Confirm
</h2>,
          <p>
            Steps per Minute
</p>,
          <h2>
            148
</h2>,
          <p>
            Genre
</p>,
          <h2>
            Ska
</h2>,
          <Link
            replace={false}
            to="/select-genre"
>
            Back
</Link>,
          <button
            onClick={[Function]}
>
            Get My Playlist!
</button>,
        ],
        "className": "Confirm",
      },
      "ref": null,
      "rendered": Array [
        Object {
          "instance": null,
          "key": undefined,
          "nodeType": "host",
          "props": Object {
            "children": "",
            "className": "error",
          },
          "ref": null,
          "rendered": "",
          "type": "h2",
        },
        Object {
          "instance": null,
          "key": undefined,
          "nodeType": "host",
          "props": Object {
            "children": "Confirm",
          },
          "ref": null,
          "rendered": "Confirm",
          "type": "h2",
        },
        Object {
          "instance": null,
          "key": undefined,
          "nodeType": "host",
          "props": Object {
            "children": "Steps per Minute",
          },
          "ref": null,
          "rendered": "Steps per Minute",
          "type": "p",
        },
        Object {
          "instance": null,
          "key": undefined,
          "nodeType": "host",
          "props": Object {
            "children": 148,
          },
          "ref": null,
          "rendered": 148,
          "type": "h2",
        },
        Object {
          "instance": null,
          "key": undefined,
          "nodeType": "host",
          "props": Object {
            "children": "Genre",
          },
          "ref": null,
          "rendered": "Genre",
          "type": "p",
        },
        Object {
          "instance": null,
          "key": undefined,
          "nodeType": "host",
          "props": Object {
            "children": "Ska",
          },
          "ref": null,
          "rendered": "Ska",
          "type": "h2",
        },
        Object {
          "instance": null,
          "key": undefined,
          "nodeType": "class",
          "props": Object {
            "children": "Back",
            "replace": false,
            "to": "/select-genre",
          },
          "ref": null,
          "rendered": "Back",
          "type": [Function],
        },
        Object {
          "instance": null,
          "key": undefined,
          "nodeType": "host",
          "props": Object {
            "children": "Get My Playlist!",
            "onClick": [Function],
          },
          "ref": null,
          "rendered": "Get My Playlist!",
          "type": "button",
        },
      ],
      "type": "div",
    },
  ],
  Symbol(enzyme.__options__): Object {
    "adapter": ReactSixteenAdapter {
      "options": Object {
        "enableComponentDidUpdateOnSetState": true,
      },
    },
  },
}
`;
